
> cryptobot@1.0.0 build
> vite build

[36mvite v6.4.1 [32mbuilding for production...[36m[39m
transforming...
[32mΓ£ô[39m 2752 modules transformed.
node.exe : [33mGenerated 
an empty chunk: 
"react-is".[39m
At line:1 char:1
+ & "C:\Program 
Files\nodejs/node.exe" 
"C:\Program 
Files\nodejs/node_mo ...
+ ~~~~~~~~~~~~~~~~~~~~~~~~~
~~~~~~~~~~~~~~~~~~~~~~~~~~~
~~~~~~~~~~~~~~~~~
    + CategoryInfo         
     : NotSpecified: ([3  
  3mGenerated ...react-i   
 s".[39m:String) [], R    
emoteException
    + FullyQualifiedErrorI 
   d : NativeCommandError
 
[33mGenerated an empty 
chunk: 
"tiny-invariant".[39m
rendering chunks...
computing gzip size...
[2mdist/[22m[32mindex.html                                  [39m[1m[2m  3.59 kB[22m[1m[22m[2m Γöé gzip:  0.88 kB[22m
[2mdist/[22m[35massets/index-ZV1en73I.css                   [39m[1m[2m210.87 kB[22m[1m[22m[2m Γöé gzip: 26.58 kB[22m
[2mdist/[22m[36massets/react-is-l0sNRNKZ.js                 [39m[1m[2m  0.00 kB[22m[1m[22m[2m Γöé gzip:  0.02 kB[22m
[2mdist/[22m[36massets/tiny-invariant-l0sNRNKZ.js           [39m[1m[2m  0.00 kB[22m[1m[22m[2m Γöé gzip:  0.02 kB[22m
[2mdist/[22m[36massets/redux-thunk-ClJT1hhx.js              [39m[1m[2m  0.12 kB[22m[1m[22m[2m Γöé gzip:  0.12 kB[22m
[2mdist/[22m[36massets/clsx-B-dksMZM.js                     [39m[1m[2m  0.37 kB[22m[1m[22m[2m Γöé gzip:  0.24 kB[22m
[2mdist/[22m[36massets/internmap-BkD7Hj8s.js                [39m[1m[2m  0.64 kB[22m[1m[22m[2m Γöé gzip:  0.31 kB[22m
[2mdist/[22m[36massets/victory-vendor-BGgyBZSV.js           [39m[1m[2m  0.81 kB[22m[1m[22m[2m Γöé gzip:  0.42 kB[22m
[2mdist/[22m[36massets/@socket.io-Dkula2eQ.js               [39m[1m[2m  1.33 kB[22m[1m[22m[2m Γöé gzip:  0.49 kB[22m
[2mdist/[22m[36massets/d3-path-CimkQT29.js                  [39m[1m[2m  2.03 kB[22m[1m[22m[2m Γöé gzip:  0.91 kB[22m
[2mdist/[22m[36massets/goober-wofAfydu.js                   [39m[1m[2m  2.25 kB[22m[1m[22m[2m Γöé gzip:  1.27 kB[22m
[2mdist/[22m[36massets/react-redux-nw-VmRzH.js              [39m[1m[2m  2.32 kB[22m[1m[22m[2m Γöé gzip:  1.13 kB[22m
[2mdist/[22m[36massets/d3-interpolate-CCf1iqz-.js           [39m[1m[2m  2.56 kB[22m[1m[22m[2m Γöé gzip:  1.20 kB[22m
[2mdist/[22m[36massets/reselect-CiXCCDx7.js                 [39m[1m[2m  2.79 kB[22m[1m[22m[2m Γöé gzip:  1.24 kB[22m
[2mdist/[22m[36massets/eventemitter3-U8etPD7h.js            [39m[1m[2m  2.89 kB[22m[1m[22m[2m Γöé gzip:  1.12 kB[22m
[2mdist/[22m[36massets/redux-DITMfSWq.js                    [39m[1m[2m  2.92 kB[22m[1m[22m[2m Γöé gzip:  1.25 kB[22m
[2mdist/[22m[36massets/d3-array-g_qRI3rN.js                 [39m[1m[2m  3.36 kB[22m[1m[22m[2m Γöé gzip:  1.46 kB[22m
[2mdist/[22m[36massets/use-sync-external-store-D9Jgri0Q.js  [39m[1m[2m  3.47 kB[22m[1m[22m[2m Γöé gzip:  1.27 kB[22m
[2mdist/[22m[36massets/engine.io-parser-BiEtp6m2.js         [39m[1m[2m  3.69 kB[22m[1m[22m[2m Γöé gzip:  1.66 kB[22m
[2mdist/[22m[36massets/scheduler-Bb8JjhAW.js                [39m[1m[2m  3.85 kB[22m[1m[22m[2m Γöé gzip:  1.72 kB[22m
[2mdist/[22m[36massets/d3-time-QpEiTrED.js                  [39m[1m[2m  4.64 kB[22m[1m[22m[2m Γöé gzip:  1.65 kB[22m
[2mdist/[22m[36massets/d3-format-BvjxjtCR.js                [39m[1m[2m  4.93 kB[22m[1m[22m[2m Γöé gzip:  2.25 kB[22m
[2mdist/[22m[36massets/socket.io-parser-B5oyXwf8.js         [39m[1m[2m  5.07 kB[22m[1m[22m[2m Γöé gzip:  1.92 kB[22m
[2mdist/[22m[36massets/d3-color-9lF95FHy.js                 [39m[1m[2m  7.13 kB[22m[1m[22m[2m Γöé gzip:  3.02 kB[22m
[2mdist/[22m[36massets/immer-BZTISVQZ.js                    [39m[1m[2m  8.23 kB[22m[1m[22m[2m Γöé gzip:  3.20 kB[22m
[2mdist/[22m[36massets/fancy-canvas-zQKWRaUQ.js             [39m[1m[2m  8.82 kB[22m[1m[22m[2m Γöé gzip:  2.06 kB[22m
[2mdist/[22m[36massets/d3-time-format-BKO53YJi.js           [39m[1m[2m  9.02 kB[22m[1m[22m[2m Γöé gzip:  2.84 kB[22m
[2mdist/[22m[36massets/react-BD3rxxjn.js                    [39m[1m[2m  9.10 kB[22m[1m[22m[2m Γöé gzip:  3.47 kB[22m
[2mdist/[22m[36massets/react-hot-toast-YBvkxgxa.js          [39m[1m[2m  9.83 kB[22m[1m[22m[2m Γöé gzip:  3.66 kB[22m
[2mdist/[22m[36massets/d3-shape-jPe4bbC6.js                 [39m[1m[2m 12.10 kB[22m[1m[22m[2m Γöé gzip:  3.26 kB[22m
[2mdist/[22m[36massets/socket.io-client-B6ykd0S-.js         [39m[1m[2m 12.64 kB[22m[1m[22m[2m Γöé gzip:  4.13 kB[22m
[2mdist/[22m[36massets/decimal.js-light-DQE-3iDJ.js         [39m[1m[2m 12.78 kB[22m[1m[22m[2m Γöé gzip:  5.48 kB[22m
[2mdist/[22m[36massets/d3-scale-Cuh9z0Hm.js                 [39m[1m[2m 15.02 kB[22m[1m[22m[2m Γöé gzip:  4.93 kB[22m
[2mdist/[22m[36massets/engine.io-client-BQQda3Fu.js         [39m[1m[2m 18.95 kB[22m[1m[22m[2m Γöé gzip:  6.21 kB[22m
[2mdist/[22m[36massets/date-fns-CBpsKyOP.js                 [39m[1m[2m 20.37 kB[22m[1m[22m[2m Γöé gzip:  5.76 kB[22m
[2mdist/[22m[36massets/es-toolkit-BPVH98Nu.js               [39m[1m[2m 20.81 kB[22m[1m[22m[2m Γöé gzip:  6.34 kB[22m
[2mdist/[22m[36massets/@reduxjs-BhOOdFoJ.js                 [39m[1m[2m 20.83 kB[22m[1m[22m[2m Γöé gzip:  8.35 kB[22m
[2mdist/[22m[36massets/tailwind-merge-CPcsbTWB.js           [39m[1m[2m 26.28 kB[22m[1m[22m[2m Γöé gzip:  8.23 kB[22m
[2mdist/[22m[36massets/lucide-react-COscm8ip.js             [39m[1m[2m 31.47 kB[22m[1m[22m[2m Γöé gzip:  6.55 kB[22m
[2mdist/[22m[36massets/axios-42ANG6Sg.js                    [39m[1m[2m 37.09 kB[22m[1m[22m[2m Γöé gzip: 14.85 kB[22m
[2mdist/[22m[36massets/lightweight-charts-BHyEggw7.js       [39m[1m[2m167.85 kB[22m[1m[22m[2m Γöé gzip: 54.73 kB[22m
[2mdist/[22m[36massets/react-dom-BGDFXGdL.js                [39m[1m[2m180.91 kB[22m[1m[22m[2m Γöé gzip: 56.45 kB[22m
[2mdist/[22m[36massets/recharts-3IUPFaXg.js                 [39m[1m[2m206.08 kB[22m[1m[22m[2m Γöé gzip: 54.68 kB[22m
[2mdist/[22m[36massets/index-CtNCv0kq.js                    [39m[1m[2m404.73 kB[22m[1m[22m[2m Γöé gzip: 94.76 kB[22m
[32mΓ£ô built in 6.21s[39m
