
[1m[46m RUN [49m[22m [36mv3.2.4 [39m[90mD:/WorkStation/cryptobot[39m

 [31mΓ¥»[39m marketStructure.test.ts [2m([22m[2m4 tests[22m[2m | [22m[31m1 failed[39m[2m)[22m[32m 17[2mms[22m[39m
   [32mΓ£ô[39m Market Structure Engine (Master 2100 Edition)[2m > [22mshould calculate Adaptive Lookback based on volatility[32m 3[2mms[22m[39m
   [32mΓ£ô[39m Market Structure Engine (Master 2100 Edition)[2m > [22mshould detect and mitigate Fair Value Gaps (FVG) correctly[32m 1[2mms[22m[39m
   [32mΓ£ô[39m Market Structure Engine (Master 2100 Edition)[2m > [22mshould calculate Multi-Timeframe Alignment with analyzeFractalMatrix[32m 4[2mms[22m[39m
[31m   [31m├ù[31m Market Structure Engine (Master 2100 Edition)[2m > [22mshould handle mixed sentiment and deny Go Status[39m[32m 8[2mms[22m[39m
[31m     ΓåÆ expected true to be false // Object.is equality[39m
node.exe : 
At line:1 char:1
+ & "C:\Program 
Files\nodejs/node.exe" 
"C:\Program 
Files\nodejs/node_mo ...
+ ~~~~~~~~~~~~~~~~~~~~~~~~~
~~~~~~~~~~~~~~~~~~~~~~~~~~~
~~~~~~~~~~~~~~~~~
    + CategoryInfo         
     : NotSpecified: (:St  
  ring) [], RemoteExcept   
 ion
    + FullyQualifiedErrorI 
   d : NativeCommandError
 
[31mΓÄ»ΓÄ»ΓÄ»ΓÄ»ΓÄ»ΓÄ»ΓÄ»
[39m[1m[41m Failed Tests 
1 [49m[22m[31mΓÄ»ΓÄ»ΓÄ»Γ
Ä»ΓÄ»ΓÄ»ΓÄ»[39m

[41m[1m FAIL [22m[49m m
arketStructure.test.ts[2m 
> [22mMarket Structure 
Engine (Master 2100 
Edition)[2m > [22mshould 
handle mixed sentiment and 
deny Go Status
[31m[1mAssertionError[22
m: expected true to be 
false // Object.is 
equality[39m

[32m- Expected[39m
[31m+ Received[39m

[32m- false[39m
[31m+ true[39m

[36m [2mΓ¥»[22m marketSt
ructure.test.ts:[2m100:29
[22m[39m
    [90m 98| [39m    
    [90m 99| [39m    
[90m// Sentiment is mixed 
because 15m is bearish but 
others are bullish[39m
    [90m100| [39m    [34
mexpect[39m(matrix[33m.[
39mgoStatus)[33m.[39m[34
mtoBe[39m([35mfalse[39m)
[33m;[39m
    [90m   | [39m        
                    
[31m^[39m
    [90m101| [39m  
})[33m;[39m
    [90m102| 
[39m})[33m;[39m

[31m[2mΓÄ»ΓÄ»ΓÄ»ΓÄ»ΓÄ»ΓÄ»
ΓÄ»ΓÄ»ΓÄ»ΓÄ»ΓÄ»ΓÄ»ΓÄ»ΓÄ»ΓÄ»
ΓÄ»ΓÄ»ΓÄ»ΓÄ»ΓÄ»ΓÄ»ΓÄ»ΓÄ»ΓÄ»
[1/1]ΓÄ»[22m[39m


[2m Test Files [22m [1m[31m1 failed[39m[22m[90m (1)[39m
[2m      Tests [22m [1m[31m1 failed[39m[22m[2m | [22m[1m[32m3 passed[39m[22m[90m (4)[39m
[2m   Start at [22m 06:14:09
[2m   Duration [22m 414ms[2m (transform 49ms, setup 0ms, collect 49ms, tests 17ms, environment 1ms, prepare 101ms)[22m

